YAW_PROBE baseline 0.5 -0.2 20.0 -0.31829 -0.31668
YAW_PROBE baseline 0.5 0.0 20.0 -0.09087 -0.09258
YAW_PROBE baseline 0.5 0.2 20.0 0.13633 0.13386
YAW_PROBE baseline 1.0 -0.2 20.0 -0.32962 -0.32697
YAW_PROBE baseline 1.0 0.0 20.0 -0.10087 -0.09926
YAW_PROBE baseline 1.0 0.2 20.0 0.12171 0.12352
YAW_PROBE finger_only 0.5 -0.2 20.0 -0.23539 -0.2365
YAW_PROBE finger_only 0.5 0.0 20.0 -0.01992 -0.02008
YAW_PROBE finger_only 0.5 0.2 20.0 0.18824 0.18788
YAW_PROBE finger_only 1.0 -0.2 20.0 -0.24329 -0.24529
YAW_PROBE finger_only 1.0 0.0 20.0 -0.03809 -0.03859
YAW_PROBE finger_only 1.0 0.2 20.0 0.17011 0.17022
YAW_PROBE contact_only 0.5 -0.2 20.0 -0.315 -0.31139
YAW_PROBE contact_only 0.5 0.0 20.0 -0.08313 -0.08329
YAW_PROBE contact_only 0.5 0.2 20.0 0.14909 0.14775
YAW_PROBE contact_only 1.0 -0.2 20.0 -0.34978 -0.34912
YAW_PROBE contact_only 1.0 0.0 20.0 -0.12552 -0.12294
YAW_PROBE contact_only 1.0 0.2 20.0 0.10101 0.10115
YAW_PROBE combined 0.5 -0.2 20.0 -0.23253 -0.23463
YAW_PROBE combined 0.5 0.0 20.0 -0.01255 -0.01531
YAW_PROBE combined 0.5 0.2 20.0 0.2035 0.19861
YAW_PROBE combined 1.0 -0.2 20.0 -0.25039 -0.25014
YAW_PROBE combined 1.0 0.0 20.0 -0.03207 -0.03198
YAW_PROBE combined 1.0 0.2 20.0 0.18108 0.18066
